{
  "name": "brand-new-app",
  "title": "brand-new-app",
  "version": "0.0.1",
  "private": true,
  "main": "server.js",
  "scripts": {
    "start": "nodemon server.js",
    "console": "dobukulbira",
    "seed": "nonula seed",
    "drop": "nonula drop"
  },
  "dependencies": {},
  "devDependencies": {}
}
